app/(tabs)/dashboard.tsx(83,58): error TS2345: Argument of type '"/(tabs)/index"' is not assignable to parameter of type 'RelativePathString | ExternalPathString | "/add-contact" | `/add-contact?${string}` | `/add-contact#${string}` | "/add-deal" | `/add-deal?${string}` | `/add-deal#${string}` | "/add-task" | ... 75 more ... | { ...; }'.
app/(tabs)/deals.tsx(43,34): error TS2345: Argument of type '`/deal-detail?id=${string}`' is not assignable to parameter of type 'RelativePathString | ExternalPathString | "/add-contact" | `/add-contact?${string}` | `/add-contact#${string}` | "/add-deal" | `/add-deal?${string}` | `/add-deal#${string}` | "/add-task" | ... 75 more ... | { ...; }'.
app/(tabs)/index.tsx(349,24): error TS2304: Cannot find name 'isDark'.
app/(tabs)/tasks.tsx(80,36): error TS2345: Argument of type '`/task-detail?id=${string}`' is not assignable to parameter of type 'RelativePathString | ExternalPathString | "/add-contact" | `/add-contact?${string}` | `/add-contact#${string}` | "/add-deal" | `/add-deal?${string}` | `/add-deal#${string}` | "/add-task" | ... 75 more ... | { ...; }'.
